#! /c/Source/iverilog-install/bin/vvp
:ivl_version "12.0 (devel)" "(s20150603-1539-g2693dd32b)";
:ivl_delay_selection "TYPICAL";
:vpi_time_precision + 0;
:vpi_module "C:\iverilog\lib\ivl\system.vpi";
:vpi_module "C:\iverilog\lib\ivl\vhdl_sys.vpi";
:vpi_module "C:\iverilog\lib\ivl\vhdl_textio.vpi";
:vpi_module "C:\iverilog\lib\ivl\v2005_math.vpi";
:vpi_module "C:\iverilog\lib\ivl\va_math.vpi";
S_000001cbaeede920 .scope module, "csa" "csa" 2 2;
 .timescale 0 0;
    .port_info 0 /INPUT 4 "a";
    .port_info 1 /INPUT 4 "b";
    .port_info 2 /INPUT 1 "cin";
    .port_info 3 /OUTPUT 1 "cout";
    .port_info 4 /OUTPUT 4 "sum";
v000001cbaef97b00_0 .net *"_ivl_21", 1 0, L_000001cbaef9cd80;  1 drivers
o000001cbaef40428 .functor BUFZ 4, C4<zzzz>; HiZ drive
v000001cbaef96e80_0 .net "a", 3 0, o000001cbaef40428;  0 drivers
o000001cbaef40458 .functor BUFZ 4, C4<zzzz>; HiZ drive
v000001cbaef971a0_0 .net "b", 3 0, o000001cbaef40458;  0 drivers
v000001cbaef96d40_0 .net "c0cout", 0 0, L_000001cbaef976a0;  1 drivers
v000001cbaef97420_0 .net "c1cout", 0 0, L_000001cbaef97920;  1 drivers
v000001cbaef97e20_0 .net "c1sum", 1 0, L_000001cbaef97880;  1 drivers
v000001cbaef96ac0_0 .net "c2cout", 0 0, L_000001cbaef9d8c0;  1 drivers
v000001cbaef977e0_0 .net "c2sum", 1 0, L_000001cbaef9cce0;  1 drivers
o000001cbaef3f288 .functor BUFZ 1, C4<z>; HiZ drive
v000001cbaef97ec0_0 .net "cin", 0 0, o000001cbaef3f288;  0 drivers
v000001cbaef96fc0_0 .net "cout", 0 0, L_000001cbaef9c920;  1 drivers
v000001cbaef97060_0 .net "sum", 3 0, L_000001cbaef9cf60;  1 drivers
L_000001cbaef97740 .part o000001cbaef40428, 0, 2;
L_000001cbaef96b60 .part o000001cbaef40458, 0, 2;
L_000001cbaef96480 .part o000001cbaef40428, 2, 2;
L_000001cbaef96520 .part o000001cbaef40458, 2, 2;
L_000001cbaef9d6e0 .part o000001cbaef40428, 2, 2;
L_000001cbaef9c9c0 .part o000001cbaef40458, 2, 2;
L_000001cbaef9cf60 .concat8 [ 2 2 0 0], L_000001cbaef97380, L_000001cbaef9cd80;
L_000001cbaef9cd80 .functor MUXZ 2, L_000001cbaef97880, L_000001cbaef9cce0, L_000001cbaef976a0, C4<>;
L_000001cbaef9c920 .functor MUXZ 1, L_000001cbaef97920, L_000001cbaef9d8c0, L_000001cbaef976a0, C4<>;
S_000001cbaeedeab0 .scope module, "c0" "rca" 2 16, 3 2 0, S_000001cbaeede920;
 .timescale 0 0;
    .port_info 0 /INPUT 2 "a";
    .port_info 1 /INPUT 2 "b";
    .port_info 2 /INPUT 1 "cin";
    .port_info 3 /OUTPUT 1 "cout";
    .port_info 4 /OUTPUT 2 "sum";
P_000001cbaef390c0 .param/l "N" 0 3 3, +C4<00000000000000000000000000000010>;
L_000001cbaef98a00 .functor BUFZ 1, o000001cbaef3f288, C4<0>, C4<0>, C4<0>;
v000001cbaef931b0_0 .net *"_ivl_19", 0 0, L_000001cbaef98a00;  1 drivers
v000001cbaef939d0_0 .net "a", 1 0, L_000001cbaef97740;  1 drivers
v000001cbaef937f0_0 .net "b", 1 0, L_000001cbaef96b60;  1 drivers
v000001cbaef941f0_0 .net "cin", 0 0, o000001cbaef3f288;  alias, 0 drivers
v000001cbaef93390_0 .net "cout", 0 0, L_000001cbaef976a0;  alias, 1 drivers
v000001cbaef936b0_0 .net "sum", 1 0, L_000001cbaef97380;  1 drivers
v000001cbaef94650_0 .net "t", 2 0, L_000001cbaef974c0;  1 drivers
L_000001cbaef96a20 .part L_000001cbaef97740, 0, 1;
L_000001cbaef97100 .part L_000001cbaef96b60, 0, 1;
L_000001cbaef97240 .part L_000001cbaef974c0, 0, 1;
L_000001cbaef97600 .part L_000001cbaef97740, 1, 1;
L_000001cbaef97ba0 .part L_000001cbaef96b60, 1, 1;
L_000001cbaef979c0 .part L_000001cbaef974c0, 1, 1;
L_000001cbaef97380 .concat8 [ 1 1 0 0], L_000001cbaef326f0, L_000001cbaef32ca0;
L_000001cbaef974c0 .concat8 [ 1 1 1 0], L_000001cbaef98a00, L_000001cbaef32c30, L_000001cbaef98ca0;
L_000001cbaef976a0 .part L_000001cbaef974c0, 2, 1;
S_000001cbaef2a340 .scope generate, "stage[0]" "stage[0]" 3 19, 3 19 0, S_000001cbaeedeab0;
 .timescale 0 0;
P_000001cbaef39b40 .param/l "i" 0 3 19, +C4<00>;
S_000001cbaef2a4d0 .scope module, "fa" "fullAdder" 3 20, 4 2 0, S_000001cbaef2a340;
 .timescale 0 0;
    .port_info 0 /INPUT 1 "a";
    .port_info 1 /INPUT 1 "b";
    .port_info 2 /INPUT 1 "cin";
    .port_info 3 /OUTPUT 1 "cout";
    .port_info 4 /OUTPUT 1 "sum";
L_000001cbaef32290 .functor XOR 1, L_000001cbaef96a20, L_000001cbaef97100, C4<0>, C4<0>;
L_000001cbaef326f0 .functor XOR 1, L_000001cbaef32290, L_000001cbaef97240, C4<0>, C4<0>;
L_000001cbaef32300 .functor AND 1, L_000001cbaef96a20, L_000001cbaef97100, C4<1>, C4<1>;
L_000001cbaef32370 .functor AND 1, L_000001cbaef97100, L_000001cbaef97240, C4<1>, C4<1>;
L_000001cbaef32760 .functor OR 1, L_000001cbaef32300, L_000001cbaef32370, C4<0>, C4<0>;
L_000001cbaef32b50 .functor AND 1, L_000001cbaef96a20, L_000001cbaef97240, C4<1>, C4<1>;
L_000001cbaef32c30 .functor OR 1, L_000001cbaef32760, L_000001cbaef32b50, C4<0>, C4<0>;
v000001cbaef33460_0 .net *"_ivl_0", 0 0, L_000001cbaef32290;  1 drivers
v000001cbaef340e0_0 .net *"_ivl_10", 0 0, L_000001cbaef32b50;  1 drivers
v000001cbaef33500_0 .net *"_ivl_4", 0 0, L_000001cbaef32300;  1 drivers
v000001cbaef33fa0_0 .net *"_ivl_6", 0 0, L_000001cbaef32370;  1 drivers
v000001cbaef33820_0 .net *"_ivl_8", 0 0, L_000001cbaef32760;  1 drivers
v000001cbaef335a0_0 .net "a", 0 0, L_000001cbaef96a20;  1 drivers
v000001cbaef336e0_0 .net "b", 0 0, L_000001cbaef97100;  1 drivers
v000001cbaef33780_0 .net "cin", 0 0, L_000001cbaef97240;  1 drivers
v000001cbaef338c0_0 .net "cout", 0 0, L_000001cbaef32c30;  1 drivers
v000001cbaef33a00_0 .net "sum", 0 0, L_000001cbaef326f0;  1 drivers
S_000001cbaef91d90 .scope generate, "stage[1]" "stage[1]" 3 19, 3 19 0, S_000001cbaeedeab0;
 .timescale 0 0;
P_000001cbaef39a40 .param/l "i" 0 3 19, +C4<01>;
S_000001cbaef91f20 .scope module, "fa" "fullAdder" 3 20, 4 2 0, S_000001cbaef91d90;
 .timescale 0 0;
    .port_info 0 /INPUT 1 "a";
    .port_info 1 /INPUT 1 "b";
    .port_info 2 /INPUT 1 "cin";
    .port_info 3 /OUTPUT 1 "cout";
    .port_info 4 /OUTPUT 1 "sum";
L_000001cbaef32ed0 .functor XOR 1, L_000001cbaef97600, L_000001cbaef97ba0, C4<0>, C4<0>;
L_000001cbaef32ca0 .functor XOR 1, L_000001cbaef32ed0, L_000001cbaef979c0, C4<0>, C4<0>;
L_000001cbaef32e60 .functor AND 1, L_000001cbaef97600, L_000001cbaef97ba0, C4<1>, C4<1>;
L_000001cbaef31ff0 .functor AND 1, L_000001cbaef97ba0, L_000001cbaef979c0, C4<1>, C4<1>;
L_000001cbaef983e0 .functor OR 1, L_000001cbaef32e60, L_000001cbaef31ff0, C4<0>, C4<0>;
L_000001cbaef987d0 .functor AND 1, L_000001cbaef97600, L_000001cbaef979c0, C4<1>, C4<1>;
L_000001cbaef98ca0 .functor OR 1, L_000001cbaef983e0, L_000001cbaef987d0, C4<0>, C4<0>;
v000001cbaef33b40_0 .net *"_ivl_0", 0 0, L_000001cbaef32ed0;  1 drivers
v000001cbaef33be0_0 .net *"_ivl_10", 0 0, L_000001cbaef987d0;  1 drivers
v000001cbaef33c80_0 .net *"_ivl_4", 0 0, L_000001cbaef32e60;  1 drivers
v000001cbaef33d20_0 .net *"_ivl_6", 0 0, L_000001cbaef31ff0;  1 drivers
v000001cbaef21b30_0 .net *"_ivl_8", 0 0, L_000001cbaef983e0;  1 drivers
v000001cbaef21bd0_0 .net "a", 0 0, L_000001cbaef97600;  1 drivers
v000001cbaef21d10_0 .net "b", 0 0, L_000001cbaef97ba0;  1 drivers
v000001cbaef948d0_0 .net "cin", 0 0, L_000001cbaef979c0;  1 drivers
v000001cbaef94150_0 .net "cout", 0 0, L_000001cbaef98ca0;  1 drivers
v000001cbaef940b0_0 .net "sum", 0 0, L_000001cbaef32ca0;  1 drivers
S_000001cbaef950d0 .scope module, "c1" "rca" 2 24, 3 2 0, S_000001cbaeede920;
 .timescale 0 0;
    .port_info 0 /INPUT 2 "a";
    .port_info 1 /INPUT 2 "b";
    .port_info 2 /INPUT 1 "cin";
    .port_info 3 /OUTPUT 1 "cout";
    .port_info 4 /OUTPUT 2 "sum";
P_000001cbaef39540 .param/l "N" 0 3 3, +C4<00000000000000000000000000000010>;
L_000001cbaefe0088 .functor BUFT 1, C4<0>, C4<0>, C4<0>, C4<0>;
L_000001cbaef98300 .functor BUFZ 1, L_000001cbaefe0088, C4<0>, C4<0>, C4<0>;
v000001cbaef94470_0 .net *"_ivl_19", 0 0, L_000001cbaef98300;  1 drivers
v000001cbaef934d0_0 .net "a", 1 0, L_000001cbaef96480;  1 drivers
v000001cbaef93ed0_0 .net "b", 1 0, L_000001cbaef96520;  1 drivers
v000001cbaef93b10_0 .net "cin", 0 0, L_000001cbaefe0088;  1 drivers
v000001cbaef94830_0 .net "cout", 0 0, L_000001cbaef97920;  alias, 1 drivers
v000001cbaef945b0_0 .net "sum", 1 0, L_000001cbaef97880;  alias, 1 drivers
v000001cbaef94ab0_0 .net "t", 2 0, L_000001cbaef96340;  1 drivers
L_000001cbaef963e0 .part L_000001cbaef96480, 0, 1;
L_000001cbaef960c0 .part L_000001cbaef96520, 0, 1;
L_000001cbaef967a0 .part L_000001cbaef96340, 0, 1;
L_000001cbaef96200 .part L_000001cbaef96480, 1, 1;
L_000001cbaef97c40 .part L_000001cbaef96520, 1, 1;
L_000001cbaef962a0 .part L_000001cbaef96340, 1, 1;
L_000001cbaef97880 .concat8 [ 1 1 0 0], L_000001cbaef98d80, L_000001cbaef98610;
L_000001cbaef96340 .concat8 [ 1 1 1 0], L_000001cbaef98300, L_000001cbaef98840, L_000001cbaef98680;
L_000001cbaef97920 .part L_000001cbaef96340, 2, 1;
S_000001cbaef95260 .scope generate, "stage[0]" "stage[0]" 3 19, 3 19 0, S_000001cbaef950d0;
 .timescale 0 0;
P_000001cbaef39b80 .param/l "i" 0 3 19, +C4<00>;
S_000001cbaef953f0 .scope module, "fa" "fullAdder" 3 20, 4 2 0, S_000001cbaef95260;
 .timescale 0 0;
    .port_info 0 /INPUT 1 "a";
    .port_info 1 /INPUT 1 "b";
    .port_info 2 /INPUT 1 "cin";
    .port_info 3 /OUTPUT 1 "cout";
    .port_info 4 /OUTPUT 1 "sum";
L_000001cbaef98d10 .functor XOR 1, L_000001cbaef963e0, L_000001cbaef960c0, C4<0>, C4<0>;
L_000001cbaef98d80 .functor XOR 1, L_000001cbaef98d10, L_000001cbaef967a0, C4<0>, C4<0>;
L_000001cbaef98140 .functor AND 1, L_000001cbaef963e0, L_000001cbaef960c0, C4<1>, C4<1>;
L_000001cbaef98a70 .functor AND 1, L_000001cbaef960c0, L_000001cbaef967a0, C4<1>, C4<1>;
L_000001cbaef98bc0 .functor OR 1, L_000001cbaef98140, L_000001cbaef98a70, C4<0>, C4<0>;
L_000001cbaef98df0 .functor AND 1, L_000001cbaef963e0, L_000001cbaef967a0, C4<1>, C4<1>;
L_000001cbaef98840 .functor OR 1, L_000001cbaef98bc0, L_000001cbaef98df0, C4<0>, C4<0>;
v000001cbaef94290_0 .net *"_ivl_0", 0 0, L_000001cbaef98d10;  1 drivers
v000001cbaef93a70_0 .net *"_ivl_10", 0 0, L_000001cbaef98df0;  1 drivers
v000001cbaef93250_0 .net *"_ivl_4", 0 0, L_000001cbaef98140;  1 drivers
v000001cbaef93f70_0 .net *"_ivl_6", 0 0, L_000001cbaef98a70;  1 drivers
v000001cbaef94970_0 .net *"_ivl_8", 0 0, L_000001cbaef98bc0;  1 drivers
v000001cbaef946f0_0 .net "a", 0 0, L_000001cbaef963e0;  1 drivers
v000001cbaef93750_0 .net "b", 0 0, L_000001cbaef960c0;  1 drivers
v000001cbaef94d30_0 .net "cin", 0 0, L_000001cbaef967a0;  1 drivers
v000001cbaef94010_0 .net "cout", 0 0, L_000001cbaef98840;  1 drivers
v000001cbaef93bb0_0 .net "sum", 0 0, L_000001cbaef98d80;  1 drivers
S_000001cbaef95580 .scope generate, "stage[1]" "stage[1]" 3 19, 3 19 0, S_000001cbaef950d0;
 .timescale 0 0;
P_000001cbaef39e80 .param/l "i" 0 3 19, +C4<01>;
S_000001cbaef95710 .scope module, "fa" "fullAdder" 3 20, 4 2 0, S_000001cbaef95580;
 .timescale 0 0;
    .port_info 0 /INPUT 1 "a";
    .port_info 1 /INPUT 1 "b";
    .port_info 2 /INPUT 1 "cin";
    .port_info 3 /OUTPUT 1 "cout";
    .port_info 4 /OUTPUT 1 "sum";
L_000001cbaef98760 .functor XOR 1, L_000001cbaef96200, L_000001cbaef97c40, C4<0>, C4<0>;
L_000001cbaef98610 .functor XOR 1, L_000001cbaef98760, L_000001cbaef962a0, C4<0>, C4<0>;
L_000001cbaef98290 .functor AND 1, L_000001cbaef96200, L_000001cbaef97c40, C4<1>, C4<1>;
L_000001cbaef98220 .functor AND 1, L_000001cbaef97c40, L_000001cbaef962a0, C4<1>, C4<1>;
L_000001cbaef98e60 .functor OR 1, L_000001cbaef98290, L_000001cbaef98220, C4<0>, C4<0>;
L_000001cbaef98ed0 .functor AND 1, L_000001cbaef96200, L_000001cbaef962a0, C4<1>, C4<1>;
L_000001cbaef98680 .functor OR 1, L_000001cbaef98e60, L_000001cbaef98ed0, C4<0>, C4<0>;
v000001cbaef94330_0 .net *"_ivl_0", 0 0, L_000001cbaef98760;  1 drivers
v000001cbaef94bf0_0 .net *"_ivl_10", 0 0, L_000001cbaef98ed0;  1 drivers
v000001cbaef94510_0 .net *"_ivl_4", 0 0, L_000001cbaef98290;  1 drivers
v000001cbaef943d0_0 .net *"_ivl_6", 0 0, L_000001cbaef98220;  1 drivers
v000001cbaef94c90_0 .net *"_ivl_8", 0 0, L_000001cbaef98e60;  1 drivers
v000001cbaef94a10_0 .net "a", 0 0, L_000001cbaef96200;  1 drivers
v000001cbaef93e30_0 .net "b", 0 0, L_000001cbaef97c40;  1 drivers
v000001cbaef94790_0 .net "cin", 0 0, L_000001cbaef962a0;  1 drivers
v000001cbaef93570_0 .net "cout", 0 0, L_000001cbaef98680;  1 drivers
v000001cbaef93890_0 .net "sum", 0 0, L_000001cbaef98610;  1 drivers
S_000001cbaef958a0 .scope module, "c2" "rca" 2 32, 3 2 0, S_000001cbaeede920;
 .timescale 0 0;
    .port_info 0 /INPUT 2 "a";
    .port_info 1 /INPUT 2 "b";
    .port_info 2 /INPUT 1 "cin";
    .port_info 3 /OUTPUT 1 "cout";
    .port_info 4 /OUTPUT 2 "sum";
P_000001cbaef391c0 .param/l "N" 0 3 3, +C4<00000000000000000000000000000010>;
L_000001cbaefe00d0 .functor BUFT 1, C4<1>, C4<0>, C4<0>, C4<0>;
L_000001cbaef98530 .functor BUFZ 1, L_000001cbaefe00d0, C4<0>, C4<0>, C4<0>;
v000001cbaef97a60_0 .net *"_ivl_19", 0 0, L_000001cbaef98530;  1 drivers
v000001cbaef968e0_0 .net "a", 1 0, L_000001cbaef9d6e0;  1 drivers
v000001cbaef97560_0 .net "b", 1 0, L_000001cbaef9c9c0;  1 drivers
v000001cbaef96c00_0 .net "cin", 0 0, L_000001cbaefe00d0;  1 drivers
v000001cbaef96980_0 .net "cout", 0 0, L_000001cbaef9d8c0;  alias, 1 drivers
v000001cbaef96f20_0 .net "sum", 1 0, L_000001cbaef9cce0;  alias, 1 drivers
v000001cbaef97f60_0 .net "t", 2 0, L_000001cbaef9c100;  1 drivers
L_000001cbaef965c0 .part L_000001cbaef9d6e0, 0, 1;
L_000001cbaef96660 .part L_000001cbaef9c9c0, 0, 1;
L_000001cbaef96700 .part L_000001cbaef9c100, 0, 1;
L_000001cbaef9df00 .part L_000001cbaef9d6e0, 1, 1;
L_000001cbaef9d780 .part L_000001cbaef9c9c0, 1, 1;
L_000001cbaef9cb00 .part L_000001cbaef9c100, 1, 1;
L_000001cbaef9cce0 .concat8 [ 1 1 0 0], L_000001cbaef980d0, L_000001cbaef981b0;
L_000001cbaef9c100 .concat8 [ 1 1 1 0], L_000001cbaef98530, L_000001cbaef98c30, L_000001cbaef98b50;
L_000001cbaef9d8c0 .part L_000001cbaef9c100, 2, 1;
S_000001cbaef95a30 .scope generate, "stage[0]" "stage[0]" 3 19, 3 19 0, S_000001cbaef958a0;
 .timescale 0 0;
P_000001cbaef39300 .param/l "i" 0 3 19, +C4<00>;
S_000001cbaef95bc0 .scope module, "fa" "fullAdder" 3 20, 4 2 0, S_000001cbaef95a30;
 .timescale 0 0;
    .port_info 0 /INPUT 1 "a";
    .port_info 1 /INPUT 1 "b";
    .port_info 2 /INPUT 1 "cin";
    .port_info 3 /OUTPUT 1 "cout";
    .port_info 4 /OUTPUT 1 "sum";
L_000001cbaef988b0 .functor XOR 1, L_000001cbaef965c0, L_000001cbaef96660, C4<0>, C4<0>;
L_000001cbaef980d0 .functor XOR 1, L_000001cbaef988b0, L_000001cbaef96700, C4<0>, C4<0>;
L_000001cbaef98f40 .functor AND 1, L_000001cbaef965c0, L_000001cbaef96660, C4<1>, C4<1>;
L_000001cbaef98370 .functor AND 1, L_000001cbaef96660, L_000001cbaef96700, C4<1>, C4<1>;
L_000001cbaef98fb0 .functor OR 1, L_000001cbaef98f40, L_000001cbaef98370, C4<0>, C4<0>;
L_000001cbaef98920 .functor AND 1, L_000001cbaef965c0, L_000001cbaef96700, C4<1>, C4<1>;
L_000001cbaef98c30 .functor OR 1, L_000001cbaef98fb0, L_000001cbaef98920, C4<0>, C4<0>;
v000001cbaef93430_0 .net *"_ivl_0", 0 0, L_000001cbaef988b0;  1 drivers
v000001cbaef94f10_0 .net *"_ivl_10", 0 0, L_000001cbaef98920;  1 drivers
v000001cbaef94b50_0 .net *"_ivl_4", 0 0, L_000001cbaef98f40;  1 drivers
v000001cbaef94e70_0 .net *"_ivl_6", 0 0, L_000001cbaef98370;  1 drivers
v000001cbaef93930_0 .net *"_ivl_8", 0 0, L_000001cbaef98fb0;  1 drivers
v000001cbaef94dd0_0 .net "a", 0 0, L_000001cbaef965c0;  1 drivers
v000001cbaef94fb0_0 .net "b", 0 0, L_000001cbaef96660;  1 drivers
v000001cbaef93110_0 .net "cin", 0 0, L_000001cbaef96700;  1 drivers
v000001cbaef932f0_0 .net "cout", 0 0, L_000001cbaef98c30;  1 drivers
v000001cbaef93610_0 .net "sum", 0 0, L_000001cbaef980d0;  1 drivers
S_000001cbaef95d50 .scope generate, "stage[1]" "stage[1]" 3 19, 3 19 0, S_000001cbaef958a0;
 .timescale 0 0;
P_000001cbaef39c00 .param/l "i" 0 3 19, +C4<01>;
S_000001cbaef95ee0 .scope module, "fa" "fullAdder" 3 20, 4 2 0, S_000001cbaef95d50;
 .timescale 0 0;
    .port_info 0 /INPUT 1 "a";
    .port_info 1 /INPUT 1 "b";
    .port_info 2 /INPUT 1 "cin";
    .port_info 3 /OUTPUT 1 "cout";
    .port_info 4 /OUTPUT 1 "sum";
L_000001cbaef98990 .functor XOR 1, L_000001cbaef9df00, L_000001cbaef9d780, C4<0>, C4<0>;
L_000001cbaef981b0 .functor XOR 1, L_000001cbaef98990, L_000001cbaef9cb00, C4<0>, C4<0>;
L_000001cbaef984c0 .functor AND 1, L_000001cbaef9df00, L_000001cbaef9d780, C4<1>, C4<1>;
L_000001cbaef98ae0 .functor AND 1, L_000001cbaef9d780, L_000001cbaef9cb00, C4<1>, C4<1>;
L_000001cbaef98450 .functor OR 1, L_000001cbaef984c0, L_000001cbaef98ae0, C4<0>, C4<0>;
L_000001cbaef986f0 .functor AND 1, L_000001cbaef9df00, L_000001cbaef9cb00, C4<1>, C4<1>;
L_000001cbaef98b50 .functor OR 1, L_000001cbaef98450, L_000001cbaef986f0, C4<0>, C4<0>;
v000001cbaef93c50_0 .net *"_ivl_0", 0 0, L_000001cbaef98990;  1 drivers
v000001cbaef93cf0_0 .net *"_ivl_10", 0 0, L_000001cbaef986f0;  1 drivers
v000001cbaef93d90_0 .net *"_ivl_4", 0 0, L_000001cbaef984c0;  1 drivers
v000001cbaef96de0_0 .net *"_ivl_6", 0 0, L_000001cbaef98ae0;  1 drivers
v000001cbaef97ce0_0 .net *"_ivl_8", 0 0, L_000001cbaef98450;  1 drivers
v000001cbaef97d80_0 .net "a", 0 0, L_000001cbaef9df00;  1 drivers
v000001cbaef96160_0 .net "b", 0 0, L_000001cbaef9d780;  1 drivers
v000001cbaef96840_0 .net "cin", 0 0, L_000001cbaef9cb00;  1 drivers
v000001cbaef972e0_0 .net "cout", 0 0, L_000001cbaef98b50;  1 drivers
v000001cbaef96ca0_0 .net "sum", 0 0, L_000001cbaef981b0;  1 drivers
# The file index is used to find the file name in the following table.
:file_names 5;
    "N/A";
    "<interactive>";
    "csa.v";
    "rca.v";
    "fullAdder.v";
